

================================================================
== Vitis HLS Report for 'backward_Pipeline_VITIS_LOOP_86_4'
================================================================
* Date:           Mon Dec 26 02:54:44 2022

* Version:        2022.1 (Build 3526262 on Mon Apr 18 15:47:01 MDT 2022)
* Project:        hls
* Solution:       solution1 (Vivado IP Flow Target)
* Product family: zynq
* Target device:  xc7z020-clg400-2


================================================================
== Performance Estimates
================================================================
+ Timing: 
    * Summary: 
    +--------+---------+----------+------------+
    |  Clock |  Target | Estimated| Uncertainty|
    +--------+---------+----------+------------+
    |ap_clk  |  5.00 ns|  5.256 ns|     1.35 ns|
    +--------+---------+----------+------------+

+ Latency: 
    * Summary: 
    +---------+---------+-----------+-----------+------+------+---------+
    |  Latency (cycles) |   Latency (absolute)  |   Interval  | Pipeline|
    |   min   |   max   |    min    |    max    |  min |  max |   Type  |
    +---------+---------+-----------+-----------+------+------+---------+
    |     4993|     4993|  26.245 us|  26.245 us|  4993|  4993|       no|
    +---------+---------+-----------+-----------+------+------+---------+

    + Detail: 
        * Instance: 
        N/A

        * Loop: 
        +-------------------+---------+---------+----------+-----------+-----------+------+----------+
        |                   |  Latency (cycles) | Iteration|  Initiation Interval  | Trip |          |
        |     Loop Name     |   min   |   max   |  Latency |  achieved |   target  | Count| Pipelined|
        +-------------------+---------+---------+----------+-----------+-----------+------+----------+
        |- VITIS_LOOP_86_4  |     4991|     4991|        81|         77|          1|    64|       yes|
        +-------------------+---------+---------+----------+-----------+-----------+------+----------+



================================================================
== Utilization Estimates
================================================================
* Summary: 
+-----------------+---------+-----+--------+-------+-----+
|       Name      | BRAM_18K| DSP |   FF   |  LUT  | URAM|
+-----------------+---------+-----+--------+-------+-----+
|DSP              |        -|    -|       -|      -|    -|
|Expression       |        -|    -|       0|    192|    -|
|FIFO             |        -|    -|       -|      -|    -|
|Instance         |        -|    2|     324|    433|    -|
|Memory           |        -|    -|       -|      -|    -|
|Multiplexer      |        -|    -|       -|   1784|    -|
|Register         |        -|    -|    3165|      -|    -|
+-----------------+---------+-----+--------+-------+-----+
|Total            |        0|    2|    3489|   2409|    0|
+-----------------+---------+-----+--------+-------+-----+
|Available        |      280|  220|  106400|  53200|    0|
+-----------------+---------+-----+--------+-------+-----+
|Utilization (%)  |        0|   ~0|       3|      4|    0|
+-----------------+---------+-----+--------+-------+-----+

+ Detail: 
    * Instance: 
    +-------------------------------------+--------------------------------+---------+----+-----+-----+-----+
    |               Instance              |             Module             | BRAM_18K| DSP|  FF | LUT | URAM|
    +-------------------------------------+--------------------------------+---------+----+-----+-----+-----+
    |fadd_32ns_32ns_32_9_full_dsp_1_U283  |fadd_32ns_32ns_32_9_full_dsp_1  |        0|   2|  324|  433|    0|
    +-------------------------------------+--------------------------------+---------+----+-----+-----+-----+
    |Total                                |                                |        0|   2|  324|  433|    0|
    +-------------------------------------+--------------------------------+---------+----+-----+-----+-----+

    * DSP: 
    N/A

    * Memory: 
    N/A

    * FIFO: 
    N/A

    * Expression: 
    +----------------------------------+----------+----+---+----+------------+------------+
    |           Variable Name          | Operation| DSP| FF| LUT| Bitwidth P0| Bitwidth P1|
    +----------------------------------+----------+----+---+----+------------+------------+
    |add_ln86_fu_1994_p2               |         +|   0|  0|   7|           7|           1|
    |add_ln89_10_fu_1910_p2            |         +|   0|  0|  12|          12|          12|
    |add_ln89_11_fu_1931_p2            |         +|   0|  0|  12|          12|          12|
    |add_ln89_12_fu_1960_p2            |         +|   0|  0|  12|          12|          12|
    |add_ln89_13_fu_1989_p2            |         +|   0|  0|  12|          12|          12|
    |add_ln89_14_fu_2015_p2            |         +|   0|  0|  12|          12|          12|
    |add_ln89_1_fu_1696_p2             |         +|   0|  0|  10|          10|          10|
    |add_ln89_2_fu_1718_p2             |         +|   0|  0|  10|          10|          10|
    |add_ln89_3_fu_1742_p2             |         +|   0|  0|  11|          11|          11|
    |add_ln89_4_fu_1764_p2             |         +|   0|  0|  11|          11|          11|
    |add_ln89_5_fu_1785_p2             |         +|   0|  0|  11|          11|          11|
    |add_ln89_6_fu_1806_p2             |         +|   0|  0|  11|          11|          11|
    |add_ln89_7_fu_1846_p2             |         +|   0|  0|  12|          12|          12|
    |add_ln89_8_fu_1868_p2             |         +|   0|  0|  12|          12|          12|
    |add_ln89_9_fu_1889_p2             |         +|   0|  0|  12|          12|          12|
    |add_ln89_fu_1671_p2               |         +|   0|  0|   9|           9|           9|
    |ap_block_pp0_stage1_11001         |       and|   0|  0|   1|           1|           1|
    |ap_block_state2_pp0_stage1_iter0  |       and|   0|  0|   1|           1|           1|
    |icmp_ln86_fu_1636_p2              |      icmp|   0|  0|   4|           7|           8|
    |ap_enable_pp0                     |       xor|   0|  0|   2|           1|           2|
    |xor_ln89_fu_1649_p2               |       xor|   0|  0|   8|           7|           8|
    +----------------------------------+----------+----+---+----+------------+------------+
    |Total                             |          |   0|  0| 192|         193|         190|
    +----------------------------------+----------+----+---+----+------------+------------+

    * Multiplexer: 
    +-----------------------------------+-----+-----------+-----+-----------+
    |                Name               | LUT | Input Size| Bits| Total Bits|
    +-----------------------------------+-----+-----------+-----+-----------+
    |ap_NS_fsm                          |  364|         78|    1|         78|
    |ap_done_int                        |    9|          2|    1|          2|
    |ap_enable_reg_pp0_iter0            |    9|          2|    1|          2|
    |ap_enable_reg_pp0_iter0_reg        |    9|          2|    1|          2|
    |ap_enable_reg_pp0_iter1            |    9|          2|    1|          2|
    |ap_sig_allocacmp_j                 |    9|          2|    7|         14|
    |grad_y_address0                    |  279|         65|    6|        390|
    |grp_fu_1350_p0                     |  145|         31|   32|        992|
    |grp_fu_1350_p1                     |  102|         21|   32|        672|
    |grp_fu_1354_p0                     |   49|         12|   32|        384|
    |grp_fu_1354_p1                     |   65|         16|   32|        512|
    |grp_fu_1358_p0                     |   13|          3|   32|         96|
    |grp_fu_1358_p1                     |   13|          3|   32|         96|
    |grp_fu_1362_p0                     |   29|          7|   32|        224|
    |grp_fu_1362_p1                     |   13|          3|   32|         96|
    |j_1_fu_238                         |    9|          2|    7|         14|
    |net_next_next_first_cache_blk_n    |    9|          2|    1|          2|
    |net_next_next_first_grad_address0  |  279|         65|   13|        845|
    |net_next_next_first_grad_address1  |  279|         65|   13|        845|
    |net_next_next_first_grad_d0        |   21|          5|   32|        160|
    |net_next_next_first_grad_d1        |   25|          6|   32|        192|
    |reg_1392                           |    9|          2|   32|         64|
    |reg_1409                           |    9|          2|   32|         64|
    |reg_1427                           |    9|          2|   32|         64|
    |reg_1433                           |    9|          2|   32|         64|
    |reg_1565                           |    9|          2|   32|         64|
    +-----------------------------------+-----+-----------+-----+-----------+
    |Total                              | 1784|        404|  532|       5940|
    +-----------------------------------+-----+-----------+-----+-----------+

    * Register: 
    +-------------------------------------------+----+----+-----+-----------+
    |                    Name                   | FF | LUT| Bits| Const Bits|
    +-------------------------------------------+----+----+-----+-----------+
    |add44_i_i_32_reg_3219                      |  32|   0|   32|          0|
    |add_ln89_10_reg_2699                       |  12|   0|   12|          0|
    |add_ln89_11_reg_2724                       |  12|   0|   12|          0|
    |add_ln89_12_reg_2766                       |  12|   0|   12|          0|
    |add_ln89_13_reg_2807                       |  12|   0|   12|          0|
    |add_ln89_14_reg_2832                       |  12|   0|   12|          0|
    |add_ln89_1_reg_2399                        |  10|   0|   10|          0|
    |add_ln89_2_reg_2428                        |  10|   0|   10|          0|
    |add_ln89_3_reg_2464                        |  11|   0|   11|          0|
    |add_ln89_4_reg_2490                        |  11|   0|   11|          0|
    |add_ln89_5_reg_2518                        |  11|   0|   11|          0|
    |add_ln89_6_reg_2544                        |  11|   0|   11|          0|
    |add_ln89_7_reg_2607                        |  12|   0|   12|          0|
    |add_ln89_8_reg_2637                        |  12|   0|   12|          0|
    |add_ln89_9_reg_2668                        |  12|   0|   12|          0|
    |add_ln89_reg_2363                          |   9|   0|    9|          0|
    |ap_CS_fsm                                  |  77|   0|   77|          0|
    |ap_done_reg                                |   1|   0|    1|          0|
    |ap_enable_reg_pp0_iter0_reg                |   1|   0|    1|          0|
    |ap_enable_reg_pp0_iter1                    |   1|   0|    1|          0|
    |icmp_ln86_reg_2300                         |   1|   0|    1|          0|
    |j_1_cast74_reg_2440                        |   7|   0|   11|          4|
    |j_1_cast83_reg_2376                        |   7|   0|   10|          3|
    |j_1_cast8_reg_2576                         |   7|   0|   12|          5|
    |j_1_fu_238                                 |   7|   0|    7|          0|
    |j_reg_2268                                 |   7|   0|    7|          0|
    |mul39_i_i_14_reg_3002                      |  32|   0|   32|          0|
    |mul39_i_i_53_reg_2898                      |  32|   0|   32|          0|
    |mul39_i_i_61_reg_2950                      |  32|   0|   32|          0|
    |mul39_i_i_62_reg_2872                      |  32|   0|   32|          0|
    |net_next_next_first_cache_read_reg_2309    |  32|   0|   32|          0|
    |net_next_next_first_grad_addr_10_reg_2453  |   7|   0|   13|          6|
    |net_next_next_first_grad_addr_11_reg_2458  |  10|   0|   13|          3|
    |net_next_next_first_grad_addr_12_reg_2882  |   7|   0|   13|          6|
    |net_next_next_first_grad_addr_13_reg_2754  |  10|   0|   13|          3|
    |net_next_next_first_grad_addr_14_reg_3053  |   7|   0|   13|          6|
    |net_next_next_first_grad_addr_15_reg_3043  |  10|   0|   13|          3|
    |net_next_next_first_grad_addr_16_reg_2480  |   7|   0|   13|          6|
    |net_next_next_first_grad_addr_17_reg_2485  |  11|   0|   13|          2|
    |net_next_next_first_grad_addr_18_reg_2506  |   7|   0|   13|          6|
    |net_next_next_first_grad_addr_19_reg_2512  |  11|   0|   13|          2|
    |net_next_next_first_grad_addr_1_reg_2343   |   7|   0|   13|          6|
    |net_next_next_first_grad_addr_20_reg_2534  |   7|   0|   13|          6|
    |net_next_next_first_grad_addr_21_reg_2539  |  11|   0|   13|          2|
    |net_next_next_first_grad_addr_22_reg_2560  |   7|   0|   13|          6|
    |net_next_next_first_grad_addr_23_reg_2566  |  11|   0|   13|          2|
    |net_next_next_first_grad_addr_24_reg_3074  |   7|   0|   13|          6|
    |net_next_next_first_grad_addr_25_reg_2862  |  11|   0|   13|          2|
    |net_next_next_first_grad_addr_26_reg_3079  |   7|   0|   13|          6|
    |net_next_next_first_grad_addr_27_reg_3089  |  11|   0|   13|          2|
    |net_next_next_first_grad_addr_28_reg_3094  |   7|   0|   13|          6|
    |net_next_next_first_grad_addr_29_reg_2923  |  11|   0|   13|          2|
    |net_next_next_first_grad_addr_2_reg_2357   |   7|   0|   13|          6|
    |net_next_next_first_grad_addr_30_reg_3161  |   7|   0|   13|          6|
    |net_next_next_first_grad_addr_31_reg_3151  |  11|   0|   13|          2|
    |net_next_next_first_grad_addr_32_reg_2602  |   7|   0|   13|          6|
    |net_next_next_first_grad_addr_33_reg_2627  |  12|   0|   13|          1|
    |net_next_next_first_grad_addr_34_reg_2632  |   7|   0|   13|          6|
    |net_next_next_first_grad_addr_35_reg_2657  |  12|   0|   13|          1|
    |net_next_next_first_grad_addr_36_reg_2662  |   7|   0|   13|          6|
    |net_next_next_first_grad_addr_37_reg_2688  |  12|   0|   13|          1|
    |net_next_next_first_grad_addr_38_reg_2694  |   7|   0|   13|          6|
    |net_next_next_first_grad_addr_39_reg_2714  |  12|   0|   13|          1|
    |net_next_next_first_grad_addr_3_reg_2791   |   8|   0|   13|          5|
    |net_next_next_first_grad_addr_40_reg_2719  |   7|   0|   13|          6|
    |net_next_next_first_grad_addr_41_reg_2744  |  12|   0|   13|          1|
    |net_next_next_first_grad_addr_42_reg_2760  |   7|   0|   13|          6|
    |net_next_next_first_grad_addr_43_reg_2781  |  12|   0|   13|          1|
    |net_next_next_first_grad_addr_44_reg_2801  |   7|   0|   13|          6|
    |net_next_next_first_grad_addr_45_reg_2822  |  12|   0|   13|          1|
    |net_next_next_first_grad_addr_46_reg_2827  |   7|   0|   13|          6|
    |net_next_next_first_grad_addr_47_reg_2852  |  12|   0|   13|          1|
    |net_next_next_first_grad_addr_48_reg_3109  |   7|   0|   13|          6|
    |net_next_next_first_grad_addr_49_reg_3120  |  12|   0|   13|          1|
    |net_next_next_first_grad_addr_4_reg_2388   |   7|   0|   13|          6|
    |net_next_next_first_grad_addr_50_reg_3135  |   7|   0|   13|          6|
    |net_next_next_first_grad_addr_51_reg_2933  |  12|   0|   13|          1|
    |net_next_next_first_grad_addr_52_reg_3167  |   7|   0|   13|          6|
    |net_next_next_first_grad_addr_53_reg_3177  |  12|   0|   13|          1|
    |net_next_next_first_grad_addr_54_reg_3183  |   7|   0|   13|          6|
    |net_next_next_first_grad_addr_55_reg_3007  |  12|   0|   13|          1|
    |net_next_next_first_grad_addr_56_reg_3203  |   7|   0|   13|          6|
    |net_next_next_first_grad_addr_57_reg_2976  |  12|   0|   13|          1|
    |net_next_next_first_grad_addr_58_reg_3209  |   7|   0|   13|          6|
    |net_next_next_first_grad_addr_59_reg_3224  |  12|   0|   13|          1|
    |net_next_next_first_grad_addr_5_reg_2394   |   9|   0|   13|          4|
    |net_next_next_first_grad_addr_60_reg_3229  |   7|   0|   13|          6|
    |net_next_next_first_grad_addr_61_reg_3028  |  12|   0|   13|          1|
    |net_next_next_first_grad_addr_62_reg_3244  |   7|   0|   13|          6|
    |net_next_next_first_grad_addr_63_reg_3239  |  12|   0|   13|          1|
    |net_next_next_first_grad_addr_6_reg_2960   |   7|   0|   13|          6|
    |net_next_next_first_grad_addr_7_reg_2944   |   9|   0|   13|          4|
    |net_next_next_first_grad_addr_8_reg_2417   |   7|   0|   13|          6|
    |net_next_next_first_grad_addr_9_reg_2423   |  10|   0|   13|          3|
    |net_next_next_first_grad_addr_reg_2587     |   7|   0|   13|          6|
    |net_next_next_first_grad_load_12_reg_2893  |  32|   0|   32|          0|
    |net_next_next_first_grad_load_22_reg_2592  |  32|   0|   32|          0|
    |net_next_next_first_grad_load_23_reg_2597  |  32|   0|   32|          0|
    |net_next_next_first_grad_load_32_reg_2622  |  32|   0|   32|          0|
    |net_next_next_first_grad_load_33_reg_2647  |  32|   0|   32|          0|
    |net_next_next_first_grad_load_34_reg_2652  |  32|   0|   32|          0|
    |net_next_next_first_grad_load_35_reg_2678  |  32|   0|   32|          0|
    |net_next_next_first_grad_load_36_reg_2683  |  32|   0|   32|          0|
    |net_next_next_first_grad_load_38_reg_2709  |  32|   0|   32|          0|
    |net_next_next_first_grad_load_39_reg_2734  |  32|   0|   32|          0|
    |net_next_next_first_grad_load_40_reg_2739  |  32|   0|   32|          0|
    |net_next_next_first_grad_load_42_reg_2776  |  32|   0|   32|          0|
    |net_next_next_first_grad_load_43_reg_2796  |  32|   0|   32|          0|
    |net_next_next_first_grad_load_44_reg_2817  |  32|   0|   32|          0|
    |net_next_next_first_grad_load_45_reg_2842  |  32|   0|   32|          0|
    |net_next_next_first_grad_load_46_reg_2847  |  32|   0|   32|          0|
    |net_next_next_first_grad_load_reg_2617     |  32|   0|   32|          0|
    |reg_1366                                   |  32|   0|   32|          0|
    |reg_1371                                   |  32|   0|   32|          0|
    |reg_1376                                   |  32|   0|   32|          0|
    |reg_1381                                   |  32|   0|   32|          0|
    |reg_1386                                   |  32|   0|   32|          0|
    |reg_1392                                   |  32|   0|   32|          0|
    |reg_1399                                   |  32|   0|   32|          0|
    |reg_1404                                   |  32|   0|   32|          0|
    |reg_1409                                   |  32|   0|   32|          0|
    |reg_1416                                   |  32|   0|   32|          0|
    |reg_1421                                   |  32|   0|   32|          0|
    |reg_1427                                   |  32|   0|   32|          0|
    |reg_1433                                   |  32|   0|   32|          0|
    |reg_1440                                   |  32|   0|   32|          0|
    |reg_1445                                   |  32|   0|   32|          0|
    |reg_1450                                   |  32|   0|   32|          0|
    |reg_1457                                   |  32|   0|   32|          0|
    |reg_1463                                   |  32|   0|   32|          0|
    |reg_1468                                   |  32|   0|   32|          0|
    |reg_1474                                   |  32|   0|   32|          0|
    |reg_1480                                   |  32|   0|   32|          0|
    |reg_1485                                   |  32|   0|   32|          0|
    |reg_1491                                   |  32|   0|   32|          0|
    |reg_1496                                   |  32|   0|   32|          0|
    |reg_1502                                   |  32|   0|   32|          0|
    |reg_1508                                   |  32|   0|   32|          0|
    |reg_1513                                   |  32|   0|   32|          0|
    |reg_1519                                   |  32|   0|   32|          0|
    |reg_1525                                   |  32|   0|   32|          0|
    |reg_1531                                   |  32|   0|   32|          0|
    |reg_1537                                   |  32|   0|   32|          0|
    |reg_1543                                   |  32|   0|   32|          0|
    |reg_1548                                   |  32|   0|   32|          0|
    |reg_1553                                   |  32|   0|   32|          0|
    |reg_1559                                   |  32|   0|   32|          0|
    |reg_1565                                   |  32|   0|   32|          0|
    |reg_1572                                   |  32|   0|   32|          0|
    |reg_1577                                   |  32|   0|   32|          0|
    |reg_1583                                   |  32|   0|   32|          0|
    |reg_1589                                   |  32|   0|   32|          0|
    |reg_1595                                   |  32|   0|   32|          0|
    |reg_1600                                   |  32|   0|   32|          0|
    |reg_1606                                   |  32|   0|   32|          0|
    |reg_1612                                   |  32|   0|   32|          0|
    |reg_1618                                   |  32|   0|   32|          0|
    |reg_1623                                   |  32|   0|   32|          0|
    |tmp_reg_2319                               |  32|   0|   32|          0|
    |xor_ln89_reg_2334                          |   7|   0|    7|          0|
    |zext_ln89_15_cast_reg_2475                 |   7|   0|   11|          4|
    |zext_ln89_17_cast_reg_2501                 |   7|   0|   11|          4|
    |zext_ln89_19_cast_reg_2529                 |   7|   0|   11|          4|
    |zext_ln89_1_cast_reg_2349                  |   7|   0|    8|          1|
    |zext_ln89_21_cast_reg_2555                 |   7|   0|   11|          4|
    |zext_ln89_3_cast_reg_2381                  |   7|   0|    9|          2|
    |zext_ln89_7_cast_reg_2411                  |   7|   0|   10|          3|
    |zext_ln89_9_cast_reg_2447                  |   7|   0|   10|          3|
    +-------------------------------------------+----+----+-----+-----------+
    |Total                                      |3165|   0| 3457|        292|
    +-------------------------------------------+----+----+-----+-----------+



================================================================
== Interface
================================================================
* Summary: 
+-----------------------------------+-----+-----+------------+-----------------------------------+--------------+
|             RTL Ports             | Dir | Bits|  Protocol  |           Source Object           |    C Type    |
+-----------------------------------+-----+-----+------------+-----------------------------------+--------------+
|ap_clk                             |   in|    1|  ap_ctrl_hs|  backward_Pipeline_VITIS_LOOP_86_4|  return value|
|ap_rst                             |   in|    1|  ap_ctrl_hs|  backward_Pipeline_VITIS_LOOP_86_4|  return value|
|ap_start                           |   in|    1|  ap_ctrl_hs|  backward_Pipeline_VITIS_LOOP_86_4|  return value|
|ap_done                            |  out|    1|  ap_ctrl_hs|  backward_Pipeline_VITIS_LOOP_86_4|  return value|
|ap_idle                            |  out|    1|  ap_ctrl_hs|  backward_Pipeline_VITIS_LOOP_86_4|  return value|
|ap_ready                           |  out|    1|  ap_ctrl_hs|  backward_Pipeline_VITIS_LOOP_86_4|  return value|
|grp_fu_220_p_din0                  |  out|   32|  ap_ctrl_hs|  backward_Pipeline_VITIS_LOOP_86_4|  return value|
|grp_fu_220_p_din1                  |  out|   32|  ap_ctrl_hs|  backward_Pipeline_VITIS_LOOP_86_4|  return value|
|grp_fu_220_p_opcode                |  out|    1|  ap_ctrl_hs|  backward_Pipeline_VITIS_LOOP_86_4|  return value|
|grp_fu_220_p_dout0                 |   in|   32|  ap_ctrl_hs|  backward_Pipeline_VITIS_LOOP_86_4|  return value|
|grp_fu_220_p_ce                    |  out|    1|  ap_ctrl_hs|  backward_Pipeline_VITIS_LOOP_86_4|  return value|
|grp_fu_224_p_din0                  |  out|   32|  ap_ctrl_hs|  backward_Pipeline_VITIS_LOOP_86_4|  return value|
|grp_fu_224_p_din1                  |  out|   32|  ap_ctrl_hs|  backward_Pipeline_VITIS_LOOP_86_4|  return value|
|grp_fu_224_p_opcode                |  out|    2|  ap_ctrl_hs|  backward_Pipeline_VITIS_LOOP_86_4|  return value|
|grp_fu_224_p_dout0                 |   in|   32|  ap_ctrl_hs|  backward_Pipeline_VITIS_LOOP_86_4|  return value|
|grp_fu_224_p_ce                    |  out|    1|  ap_ctrl_hs|  backward_Pipeline_VITIS_LOOP_86_4|  return value|
|grp_fu_228_p_din0                  |  out|   32|  ap_ctrl_hs|  backward_Pipeline_VITIS_LOOP_86_4|  return value|
|grp_fu_228_p_din1                  |  out|   32|  ap_ctrl_hs|  backward_Pipeline_VITIS_LOOP_86_4|  return value|
|grp_fu_228_p_dout0                 |   in|   32|  ap_ctrl_hs|  backward_Pipeline_VITIS_LOOP_86_4|  return value|
|grp_fu_228_p_ce                    |  out|    1|  ap_ctrl_hs|  backward_Pipeline_VITIS_LOOP_86_4|  return value|
|grad_y_address0                    |  out|    6|   ap_memory|                             grad_y|         array|
|grad_y_ce0                         |  out|    1|   ap_memory|                             grad_y|         array|
|grad_y_q0                          |   in|   32|   ap_memory|                             grad_y|         array|
|net_next_next_first_cache_dout     |   in|   32|     ap_fifo|          net_next_next_first_cache|       pointer|
|net_next_next_first_cache_empty_n  |   in|    1|     ap_fifo|          net_next_next_first_cache|       pointer|
|net_next_next_first_cache_read     |  out|    1|     ap_fifo|          net_next_next_first_cache|       pointer|
|net_next_next_first_grad_address0  |  out|   13|   ap_memory|           net_next_next_first_grad|         array|
|net_next_next_first_grad_ce0       |  out|    1|   ap_memory|           net_next_next_first_grad|         array|
|net_next_next_first_grad_we0       |  out|    1|   ap_memory|           net_next_next_first_grad|         array|
|net_next_next_first_grad_d0        |  out|   32|   ap_memory|           net_next_next_first_grad|         array|
|net_next_next_first_grad_q0        |   in|   32|   ap_memory|           net_next_next_first_grad|         array|
|net_next_next_first_grad_address1  |  out|   13|   ap_memory|           net_next_next_first_grad|         array|
|net_next_next_first_grad_ce1       |  out|    1|   ap_memory|           net_next_next_first_grad|         array|
|net_next_next_first_grad_we1       |  out|    1|   ap_memory|           net_next_next_first_grad|         array|
|net_next_next_first_grad_d1        |  out|   32|   ap_memory|           net_next_next_first_grad|         array|
|net_next_next_first_grad_q1        |   in|   32|   ap_memory|           net_next_next_first_grad|         array|
+-----------------------------------+-----+-----+------------+-----------------------------------+--------------+

